RAM Allocation [bytes]
Variable                                                                          Address   Size
------------------------------------------------------------------------------------------------
temp_b                                                                            0x0A00       2
temp_c                                                                            0x0A02       2
temp_out_to_pc_count                                                              0x0A04       2
temp_out_pbit_count                                                               0x0A06       2
bat_volt_1                                                                        0x0A08       2
bat_volt_2                                                                        0x0A0A       2
year                                                                              0x0A0C       1
month                                                                             0x0A0D       1
week                                                                              0x0A0E       1
day                                                                               0x0A0F       1
hour                                                                              0x0A10       1
minute                                                                            0x0A11       1
sec                                                                               0x0A12       1
voltage_1                                                                         0x0A13       2
currunt_1                                                                         0x0A15       2
voltage_2                                                                         0x0A17       2
currunt_2                                                                         0x0A19       2
voltage_ch1_1                                                                     0x0A1B       2
voltage_ch2_1                                                                     0x0A1D       2
voltage_ch3_1                                                                     0x0A1F       2
voltage_ch4_1                                                                     0x0A21       2
voltage_ch5_1                                                                     0x0A23       2
voltage_ch6_1                                                                     0x0A25       2
voltage_ch7_1                                                                     0x0A27       2
voltage_m48_1                                                                     0x0A29       2
voltage_fan_1                                                                     0x0A2B       2
currunt_ch1_1                                                                     0x0A2D       2
currunt_ch2_1                                                                     0x0A2F       2
currunt_ch3_1                                                                     0x0A31       2
currunt_ch4_1                                                                     0x0A33       2
currunt_ch5_1                                                                     0x0A35       2
currunt_ch6_1                                                                     0x0A37       2
currunt_ch7_1                                                                     0x0A39       2
voltage_m24_1                                                                     0x0A3B       2
currunt_fan_1                                                                     0x0A3D       2
voltage_ch1_2                                                                     0x0A3F       2
voltage_ch2_2                                                                     0x0A41       2
voltage_ch3_2                                                                     0x0A43       2
voltage_ch4_2                                                                     0x0A45       2
voltage_ch5_2                                                                     0x0A47       2
voltage_ch6_2                                                                     0x0A49       2
voltage_ch7_2                                                                     0x0A4B       2
voltage_m48_2                                                                     0x0A4D       2
voltage_fan_2                                                                     0x0A4F       2
currunt_ch1_2                                                                     0x0A51       2
currunt_ch2_2                                                                     0x0A53       2
currunt_ch3_2                                                                     0x0A55       2
currunt_ch4_2                                                                     0x0A57       2
currunt_ch5_2                                                                     0x0A59       2
currunt_ch6_2                                                                     0x0A5B       2
currunt_ch7_2                                                                     0x0A5D       2
voltage_m24_2                                                                     0x0A5F       2
currunt_fan_2                                                                     0x0A61       2
div_48v                                                                           0x0A63       2
ac48_ovp                                                                          0x0A65       1
ac48_lvp                                                                          0x0A66       1
dc48_ovp                                                                          0x0A67       1
dc48_lvp                                                                          0x0A68       1
deiver_48_err                                                                     0x0A69       1
buzzer_count                                                                      0x0A6A       2
data_buffer1_temp                                                                 0x0A6C      92
data_buffer2_temp                                                                 0x0AC8      92
data_buffer_ge_temp                                                               0x0B24      10
batt_level_1                                                                      0x0B2E       1
err_main_1                                                                        0x0B2F       1
err1_1                                                                            0x0B30       1
err2_1                                                                            0x0B31       1
status_1                                                                          0x0B32       1
batt_level_2                                                                      0x0B33       1
err_main_2                                                                        0x0B34       1
err1_2                                                                            0x0B35       1
err2_2                                                                            0x0B36       1
status_2                                                                          0x0B37       1
CRC_H                                                                             0x0B38       1
CRC_L                                                                             0x0B39       1
ge_voltage_h                                                                      0x0B3A       1
ge_voltage_l                                                                      0x0B3B       1
ge_currunt_h                                                                      0x0B3C       1
ge_currunt_l                                                                      0x0B3D       1
ge_err_data                                                                       0x0B3E       1
voltage_ge                                                                        0x0B3F       2
currunt_ge                                                                        0x0B41       2
ge_err_act                                                                        0x0B43       1
ge_err_latch                                                                      0x0B44       1
pobit_result                                                                      0x0B45       1
pbit_result                                                                       0x0B46       1
batt_charge_1                                                                     0x0B47       1
batt_charge_2                                                                     0x0B48       1
batt_discharge_1                                                                  0x0B49       1
batt_discharge_2                                                                  0x0B4A       1
err_fan_1                                                                         0x0B4B       1
err_fan_2                                                                         0x0B4C       1
time_data_get_act                                                                 0x0B4D       1
led_flash                                                                         0x0B4E       1
time_data_get                                                                     0x0B4F       1
temp_control_1                                                                    0x0B50       1
temp_control_2                                                                    0x0B51       1
temp_control_1_                                                                   0x0B52       1
temp_control_2_                                                                   0x0B53       1
temp_control_1_old                                                                0x0B54       1
temp_control_2_old                                                                0x0B55       1
temp_control_sel                                                                  0x0B56       1
send_to_div_act                                                                   0x0B57       1
send_to_div_info_act                                                              0x0B58       1
dt_err_act_buzzer                                                                 0x0B59       1
ge_err_act_buzzer                                                                 0x0B5A       1
batt_err_1_act                                                                    0x0B5B       1
batt_err_2_act                                                                    0x0B5C       1
batt_err_1_act_buzzer                                                             0x0B5D       1
batt_err_2_act_buzzer                                                             0x0B5E       1
power_link1_err_act_buzzer                                                        0x0B5F       1
power_link2_err_act_buzzer                                                        0x0B60       1
sw_status                                                                         0x0B61       1
power_link_1                                                                      0x0B62       1
power_link_2                                                                      0x0B63       1
power_link1_err                                                                   0x0B64       1
power_link2_err                                                                   0x0B65       1
loss_count_a                                                                      0x0B66       2
loss_count_ge                                                                     0x0B68       2
link_err_detail                                                                   0x0B6A       2
div_err_detail                                                                    0x0B6C       1
power_1_err_detail                                                                0x0B6D       1
power_2_err_detail                                                                0x0B6E       1
bat_1_err_detail                                                                  0x0B6F       1
bat_2_err_detail                                                                  0x0B70       1
gen_err_detail                                                                    0x0B71       1
power_1_err                                                                       0x0B72       1
power_2_err                                                                       0x0B73       1
err_bat1_temp                                                                     0x0B74       1
err_bat2_temp                                                                     0x0B75       1
err_bat1_volt                                                                     0x0B76       1
err_bat2_volt                                                                     0x0B77       1
err_bat1_curr                                                                     0x0B78       1
err_bat2_curr                                                                     0x0B79       1
Common_CheckLink_number                                                           0x0B7A       1
Distributor_ShutdownErroResponse_number                                           0x0B7B       1
Distributor_BITBetailResponse_number                                              0x0B7C       1
Distributor_PBIT_number                                                           0x0B7D       1
Distributor_TimeSyncAck_number                                                    0x0B7E       1
Distributor_ShutdownResponse_number                                               0x0B7F       1
PoBITResult_number                                                                0x0B80       1
PoBITResult_number_ack                                                            0x0B81       1
Distributor_devicestatus_number                                                   0x0B82       1
Common_CHeckLink_act                                                              0x0B83       1
Distributor_PBIT_act                                                              0x0B84       1
Distributor_ShutdownResponse_act                                                  0x0B85       1
Distributor_ShutdownErroResponse_act                                              0x0B86       1
Distributor_TimeSyncAck_act                                                       0x0B87       1
Distributor_BITDetailResponse_act                                                 0x0B88       1
Distributor_PoBIT_act                                                             0x0B89       1
Distributor_PoBIT_act_pre                                                         0x0B8A       1
send_to_ge_active                                                                 0x0B8B       1
po_bit_recive_data_detail                                                         0x0B8C       1
ge_data_kind                                                                      0x0B8D       1
mode_change_and_init                                                              0x0B8E       1
mode_change_count                                                                 0x0B8F       1
buzzer_out_wait                                                                   0x0B90       1
init_mod_switch                                                                   0x0B91       1
rx_buffer0                                                                        0x0B92       8
rx_wr_index0                                                                      0x0B9A       1
rx_rd_index0                                                                      0x0B9B       1
rx_counter0                                                                       0x0B9C       1
rx_buffer1                                                                        0x0B9D       8
rx_wr_index1                                                                      0x0BA5       1
rx_rd_index1                                                                      0x0BA6       1
rx_counter1                                                                       0x0BA7       1
rx_buffer2                                                                        0x0BA8       8
rx_wr_index2                                                                      0x0BB0       1
rx_rd_index2                                                                      0x0BB1       1
rx_counter2                                                                       0x0BB2       1

EEPROM Allocation [bytes]
Variable                                                                          Address   Size
------------------------------------------------------------------------------------------------
keep_year                                                                         0x0002       1
keep_month                                                                        0x0004       1
keep_day                                                                          0x0006       1
keep_hour                                                                         0x0007       1
keep_minute                                                                       0x0009       1
keep_sec                                                                          0x000B       1

Register Allocation
Variable                                                                          Register  Size
------------------------------------------------------------------------------------------------
command                                                                           R4           1
fnd_data                                                                          R3           1
count_temp                                                                        R5,R6        2
send_process_count                                                                R7,R8        2
digit_num                                                                         R9,R10       2
digit                                                                             R11,R12      2
temp_a                                                                            R13,R14      2
buzzer_on                                                                         GPIOR0.0  1bit
send_to_pc_active                                                                 GPIOR0.1  1bit
batt_link_err_act_1                                                               GPIOR0.2  1bit
batt_link_err_act_2                                                               GPIOR0.3  1bit
batt_run_act_1                                                                    GPIOR0.4  1bit
batt_run_act_2                                                                    GPIOR0.5  1bit
dt_err_act                                                                        GPIOR0.6  1bit
comm_err                                                                          GPIOR0.7  1bit
comm_ge_err                                                                       R2.0      1bit
rx_buffer_overflow0                                                               R2.1      1bit
rx_buffer_overflow1                                                               R2.2      1bit
rx_buffer_overflow2                                                               R2.3      1bit

FLASH Allocation [words]
Function                                                                          Address   Size
------------------------------------------------------------------------------------------------
buzzer_clear_all                                                                  0x000C1     15
usart0_rx_isr                                                                     0x000D0   1617
usart1_rx_isr                                                                     0x00721    782
putchar1                                                                          0x00A2F      9
usart2_rx_isr                                                                     0x00A38    213
putchar2                                                                          0x00B0D      9
timer0_ovf_isr                                                                    0x00B16    175
pulse                                                                             0x00BC5      9
send_to_ge                                                                        0x00BCE     67
send_to_div                                                                       0x00C11    341
Request_div_info                                                                  0x00D66     29
fnd_out                                                                           0x00D83    157
num_convert                                                                       0x00E20     75
digit6                                                                            0x00E9D     15
fnd_init                                                                          0x00EAC      6
init                                                                              0x00EB2     97
display_out                                                                       0x00F13    357
Response_Common_CHeckLink                                                         0x01078     26
Response_Distributor_PBIT                                                         0x01092    148
Response_Distributor_ShutdownResponse                                             0x01126     28
Response_Distributor_ShutdownErroResponse                                         0x01142     53
Response_Distributor_TimeSyncAck                                                  0x01177     28
Response_Distributor_PoBITResponse_pre                                            0x01193     26
Response_Distributor_PoBITResponse                                                0x011AD    152
Response_Distributor_BITDetailResponse                                            0x01245    383
Report_Distributor_DeviceStatus                                                   0x013C4    809
main                                                                              0x016ED    822
rtc_init                                                                          0x01A23     16
rtc_get_time                                                                      0x01A33     20
rtc_set_time                                                                      0x01A47     21
rtc_get_date                                                                      0x01A5C     22
rtc_set_date                                                                      0x01A72     25
putchar                                                                           0x01A8B     10
bcd2bin                                                                           0x01A95     13
bin2bcd                                                                           0x01AA2     10
